// Jest Snapshot v1, https://goo.gl/fbAQLP

exports[`app Snapshot matches 1`] = `
<View
  accessibilityComponentType={undefined}
  accessibilityLabel={undefined}
  accessibilityTraits={undefined}
  accessible={true}
  hitSlop={undefined}
  isTVSelectable={true}
  onLayout={undefined}
  onResponderGrant={[Function]}
  onResponderMove={[Function]}
  onResponderRelease={[Function]}
  onResponderTerminate={[Function]}
  onResponderTerminationRequest={[Function]}
  onStartShouldSetResponder={[Function]}
  style={
    Object {
      "backgroundColor": "#5D34AF",
      "borderRadius": 2,
      "elevation": 5,
      "flexDirection": "row",
      "justifyContent": "center",
      "margin": 5,
      "opacity": 1,
      "padding": 15,
    }
  }
  testID={undefined}
  tvParallaxProperties={undefined}
/>
`;
